DEBUG:httpx:load_ssl_context verify=True cert=None trust_env=True http2=False
DEBUG:httpx:load_verify_locations cafile='/usr/lib/ssl/cert.pem'
DEBUG:httpx:load_ssl_context verify=True cert=None trust_env=True http2=False
DEBUG:httpx:load_verify_locations cafile='/usr/lib/ssl/cert.pem'
DEBUG:httpcore.connection:connect_tcp.started host='192.168.68.201' port=8080 local_address=None timeout=5.0 socket_options=None
DEBUG:httpcore.connection:connect_tcp.started host='192.168.68.202' port=8080 local_address=None timeout=5.0 socket_options=None
DEBUG:httpcore.connection:connect_tcp.complete return_value=<httpcore._backends.sync.SyncStream object at 0x722be9704830>
DEBUG:httpcore.http11:send_request_headers.started request=<Request [b'POST']>
DEBUG:httpcore.http11:send_request_headers.complete
DEBUG:httpcore.http11:send_request_body.started request=<Request [b'POST']>
DEBUG:httpcore.http11:send_request_body.complete
DEBUG:httpcore.http11:receive_response_headers.started request=<Request [b'POST']>
DEBUG:httpcore.connection:connect_tcp.complete return_value=<httpcore._backends.sync.SyncStream object at 0x722be9708b90>
DEBUG:httpcore.http11:send_request_headers.started request=<Request [b'POST']>
DEBUG:httpcore.http11:send_request_headers.complete
DEBUG:httpcore.http11:send_request_body.started request=<Request [b'POST']>
DEBUG:httpcore.http11:send_request_body.complete
DEBUG:httpcore.http11:receive_response_headers.started request=<Request [b'POST']>
DEBUG:httpcore.http11:receive_response_headers.complete return_value=(b'HTTP/1.1', 200, b'OK', [(b'Content-Type', b'application/json; charset=utf-8'), (b'Content-Length', b'1529'), (b'Date', b'Wed, 10 Sep 2025 19:13:21 GMT'), (b'Server', b'lighttpd/1.4.48')])
INFO:httpx:HTTP Request: POST http://192.168.68.201:8080/rpc/get-arp-table-information "HTTP/1.1 200 OK"
DEBUG:httpcore.http11:receive_response_headers.complete return_value=(b'HTTP/1.1', 200, b'OK', [(b'Content-Type', b'application/json; charset=utf-8'), (b'Content-Length', b'1529'), (b'Date', b'Wed, 10 Sep 2025 19:13:21 GMT'), (b'Server', b'lighttpd/1.4.48')])
INFO:httpx:HTTP Request: POST http://192.168.68.202:8080/rpc/get-arp-table-information "HTTP/1.1 200 OK"
DEBUG:httpcore.http11:receive_response_body.started request=<Request [b'POST']>
DEBUG:httpcore.http11:receive_response_body.complete
DEBUG:httpcore.http11:response_closed.started
DEBUG:httpcore.http11:response_closed.complete
DEBUG:httpcore.connection:close.started
DEBUG:httpcore.connection:close.complete
DEBUG:httpcore.http11:receive_response_body.started request=<Request [b'POST']>
DEBUG:httpcore.http11:receive_response_body.complete
DEBUG:httpcore.http11:response_closed.started
DEBUG:httpcore.http11:response_closed.complete
DEBUG:httpcore.connection:close.started
DEBUG:httpcore.connection:close.complete
DEBUG:httpx:load_ssl_context verify=True cert=None trust_env=True http2=False
DEBUG:httpx:load_ssl_context verify=True cert=None trust_env=True http2=False
DEBUG:httpx:load_verify_locations cafile='/usr/lib/ssl/cert.pem'
DEBUG:httpx:load_verify_locations cafile='/usr/lib/ssl/cert.pem'
DEBUG:httpcore.connection:connect_tcp.started host='192.168.68.201' port=8080 local_address=None timeout=5.0 socket_options=None
DEBUG:httpcore.connection:connect_tcp.started host='192.168.68.202' port=8080 local_address=None timeout=5.0 socket_options=None
DEBUG:httpcore.connection:connect_tcp.complete return_value=<httpcore._backends.sync.SyncStream object at 0x78fe08130830>
DEBUG:httpcore.http11:send_request_headers.started request=<Request [b'POST']>
DEBUG:httpcore.http11:send_request_headers.complete
DEBUG:httpcore.http11:send_request_body.started request=<Request [b'POST']>
DEBUG:httpcore.http11:send_request_body.complete
DEBUG:httpcore.http11:receive_response_headers.started request=<Request [b'POST']>
DEBUG:httpcore.connection:connect_tcp.complete return_value=<httpcore._backends.sync.SyncStream object at 0x78fe08134b90>
DEBUG:httpcore.http11:send_request_headers.started request=<Request [b'POST']>
DEBUG:httpcore.http11:send_request_headers.complete
DEBUG:httpcore.http11:send_request_body.started request=<Request [b'POST']>
DEBUG:httpcore.http11:send_request_body.complete
DEBUG:httpcore.http11:receive_response_headers.started request=<Request [b'POST']>
DEBUG:httpcore.http11:receive_response_headers.complete return_value=(b'HTTP/1.1', 401, b'Unauthorized', [(b'Status', b'401'), (b'Content-Length', b'38'), (b'Date', b'Wed, 10 Sep 2025 19:15:37 GMT'), (b'Server', b'lighttpd/1.4.48')])
INFO:httpx:HTTP Request: POST http://192.168.68.201:8080/rpc/get-arp-table-information "HTTP/1.1 401 Unauthorized"
DEBUG:httpcore.http11:receive_response_body.started request=<Request [b'POST']>
DEBUG:httpcore.http11:receive_response_body.complete
DEBUG:httpcore.http11:response_closed.started
DEBUG:httpcore.http11:response_closed.complete
DEBUG:httpcore.connection:close.started
DEBUG:httpcore.connection:close.complete
DEBUG:httpcore.http11:receive_response_headers.complete return_value=(b'HTTP/1.1', 401, b'Unauthorized', [(b'Status', b'401'), (b'Content-Length', b'38'), (b'Date', b'Wed, 10 Sep 2025 19:15:37 GMT'), (b'Server', b'lighttpd/1.4.48')])
INFO:httpx:HTTP Request: POST http://192.168.68.202:8080/rpc/get-arp-table-information "HTTP/1.1 401 Unauthorized"
DEBUG:httpcore.http11:receive_response_body.started request=<Request [b'POST']>
DEBUG:httpcore.http11:receive_response_body.complete
DEBUG:httpcore.http11:response_closed.started
DEBUG:httpcore.http11:response_closed.complete
DEBUG:httpcore.connection:close.started
DEBUG:httpcore.connection:close.complete
DEBUG:git.cmd:Popen(['git', 'version'], cwd=/home/jcs/automation/nornir4, stdin=None, shell=False, universal_newlines=False)
DEBUG:pyats.reporter.utils:Could not load git module
Failed to initialize: Bad git executable.
The git executable must be specified in one of the following ways:
    - be included in your $PATH
    - be set via $GIT_PYTHON_GIT_EXECUTABLE
    - explicitly set via git.refresh(<full-path-to-git-executable>)

All git commands will error until this is rectified.

This initial message can be silenced or aggravated in the future by setting the
$GIT_PYTHON_REFRESH environment variable. Use one of the following values:
    - quiet|q|silence|s|silent|none|n|0: for no message or exception
    - warn|w|warning|log|l|1: for a warning message (logging level CRITICAL, displayed by default)
    - error|e|exception|raise|r|2: for a raised exception

Example:
    export GIT_PYTHON_REFRESH=quiet

DEBUG:httpcore.connection:connect_tcp.started host='192.168.68.202' port=8080 local_address=None timeout=5.0 socket_options=None
DEBUG:httpcore.connection:connect_tcp.complete return_value=<httpcore._backends.sync.SyncStream object at 0x7e6eda99f380>
DEBUG:httpcore.http11:send_request_headers.started request=<Request [b'POST']>
DEBUG:httpcore.http11:send_request_headers.complete
DEBUG:httpcore.http11:send_request_body.started request=<Request [b'POST']>
DEBUG:httpcore.http11:send_request_body.complete
DEBUG:httpcore.http11:receive_response_headers.started request=<Request [b'POST']>
DEBUG:httpcore.connection:connect_tcp.started host='192.168.68.201' port=8080 local_address=None timeout=5.0 socket_options=None
DEBUG:httpcore.connection:connect_tcp.complete return_value=<httpcore._backends.sync.SyncStream object at 0x7e6eda564410>
DEBUG:httpcore.http11:send_request_headers.started request=<Request [b'POST']>
DEBUG:httpcore.http11:send_request_headers.complete
DEBUG:httpcore.http11:send_request_body.started request=<Request [b'POST']>
DEBUG:httpcore.http11:send_request_body.complete
DEBUG:httpcore.http11:receive_response_headers.started request=<Request [b'POST']>
DEBUG:httpcore.http11:receive_response_headers.complete return_value=(b'HTTP/1.1', 401, b'Unauthorized', [(b'Status', b'401'), (b'Transfer-Encoding', b'chunked'), (b'Date', b'Thu, 04 Dec 2025 15:11:03 GMT'), (b'Server', b'lighttpd/1.4.48')])
INFO:httpx:HTTP Request: POST http://192.168.68.202:8080/rpc/get-arp-table-information "HTTP/1.1 401 Unauthorized"
DEBUG:httpcore.http11:receive_response_body.started request=<Request [b'POST']>
DEBUG:httpcore.http11:receive_response_body.complete
DEBUG:httpcore.http11:response_closed.started
DEBUG:httpcore.http11:response_closed.complete
DEBUG:httpcore.connection:close.started
DEBUG:httpcore.connection:close.complete
DEBUG:httpcore.http11:receive_response_headers.complete return_value=(b'HTTP/1.1', 401, b'Unauthorized', [(b'Status', b'401'), (b'Transfer-Encoding', b'chunked'), (b'Date', b'Thu, 04 Dec 2025 15:11:03 GMT'), (b'Server', b'lighttpd/1.4.48')])
INFO:httpx:HTTP Request: POST http://192.168.68.201:8080/rpc/get-arp-table-information "HTTP/1.1 401 Unauthorized"
DEBUG:httpcore.http11:receive_response_body.started request=<Request [b'POST']>
DEBUG:httpcore.http11:receive_response_body.complete
DEBUG:httpcore.http11:response_closed.started
DEBUG:httpcore.http11:response_closed.complete
DEBUG:httpcore.connection:close.started
DEBUG:httpcore.connection:close.complete
