
2025-10-08 20:22:57,027: %UNICON-INFO: +++ r1.jcs logfile r1.jcs-cli-1759951377.log +++

2025-10-08 20:22:57,027: %UNICON-INFO: +++ Unicon plugin junos (unicon.plugins.junos) +++
(john@192.168.68.201) Password:

2025-10-08 20:22:57,214: %UNICON-INFO: +++ connection to spawn: ssh -l john 192.168.68.201, id: 137582830223440 +++

2025-10-08 20:22:57,214: %UNICON-INFO: connection to r1.jcs

Last login: Wed Oct  8 19:22:23 2025 from 192.168.68.101
--- JUNOS 24.4R1.9 Kernel 64-bit XEN JNPR-15.0-20241104.1ed86e6_buil
john@r1.jcs> 

2025-10-08 20:22:57,410: %UNICON-INFO: Storing credentials from default as current_credentials

2025-10-08 20:22:57,411: %UNICON-INFO: +++ initializing handle +++

2025-10-08 20:22:57,540: %UNICON-INFO: +++ r1.jcs with via 'cli': executing command 'set cli screen-length 0' +++
set cli screen-length 0 
Screen length set to 0

john@r1.jcs> 

2025-10-08 20:22:57,780: %UNICON-INFO: +++ r1.jcs with via 'cli': executing command 'set cli screen-width 0' +++
set cli screen-width 0 
Screen width set to 0

john@r1.jcs> 

2025-10-08 20:22:58,480: %UNICON-INFO: +++ r1.jcs with via 'cli': executing command 'show version' +++
show version 
Hostname: r1.jcs
Model: vSRX
Family: junos-es
Junos: 24.4R1.9
JUNOS hsm [20241219.060016_builder_junos_244_r1]
JUNOS OS Kernel 64-bit XEN [20241104.1ed86e6_builder_bsd15_244]
JUNOS modules [20241219.060016_builder_junos_244_r1]
JUNOS vsrx modules [20241219.060016_builder_junos_244_r1]
JUNOS OS libs [20241104.1ed86e6_builder_bsd15_244]
JUNOS hsm aws [20241219.060016_builder_junos_244_r1]
JUNOS OS vmguest [20241104.1ed86e6_builder_bsd15_244]
JUNOS OS libs compat32 [20241104.1ed86e6_builder_bsd15_244]
JUNOS OS runtime [20241104.1ed86e6_builder_bsd15_244]
JUNOS OS 32-bit compatibility [20241104.1ed86e6_builder_bsd15_244]
JUNOS jail runtime [20241104.1ed86e6_builder_bsd15_244]
JUNOS py extensions [20241219.060016_builder_junos_244_r1]
JUNOS py base [20241219.060016_builder_junos_244_r1]
JUNOS OS package [20241014.220147_builder_main]
JUNOS OS crypto [20241104.1ed86e6_builder_bsd15_244]
JUNOS srx libs [20241219.060016_builder_junos_244_r1]
JUNOS OS boot-ve files [20241104.1ed86e6_builder_bsd15_244]
JUNOS OS time zone information [20241104.1ed86e6_builder_bsd15_244]
JUNOS network stack and utilities [20241219.060016_builder_junos_244_r1]
JUNOS libs [20241219.060016_builder_junos_244_r1]
JUNOS cloud init [20241219.060016_builder_junos_244_r1]
JUNOS srx daemons [20241219.060016_builder_junos_244_r1]
JUNOS OS network modules [20241104.1ed86e6_builder_bsd15_244]
JUNOS srx libs compat32 [20241219.060016_builder_junos_244_r1]
JUNOS daemons [20241219.060016_builder_junos_244_r1]
JUNOS mtx network modules [20241219.060016_builder_junos_244_r1]
JUNOS libs compat32 [20241219.060016_builder_junos_244_r1]
JUNOS cloud libs [20241219.060016_builder_junos_244_r1]
JUNOS vmguest  [20241219.060016_builder_junos_244_r1]
JUNOS srx runtime [20241219.060016_builder_junos_244_r1]
JUNOS runtime [20241219.060016_builder_junos_244_r1]
JUNOS dsa [20241219.060016_builder_junos_244_r1]
JUNOS SSH Tunnel Daemon [20241219.060016_builder_junos_244_r1]
JUNOS na telemetry [24.4R1.9]
JUNOS Web Management Platform Package [20241219.060016_builder_junos_244_r1]
JUNOS lite sysmond [20241219.060016_builder_junos_244_r1]
JUNOS support scripts [20241219.060016_builder_junos_244_r1]
JUNOS publish subscribe base [20241219.060016_builder_junos_244_r1]
Junos scheduler tracing [20241219.060016_builder_junos_244_r1]
JUNOS common platform support [20241219.060016_builder_junos_244_r1]
JUNOS python routing scripts for consistency check in RIB/FIB/PFE [20241219.060016_builder_junos_244_r1]
JUNOS Routing mpls-oam-basic [20241219.060016_builder_junos_244_r1]
JUNOS Routing lsys [20241219.060016_builder_junos_244_r1]
JUNOS Routing 32-bit Compatible Version [20241219.060016_builder_junos_244_r1]
JUNOS Routing aggregated [20241219.060016_builder_junos_244_r1]
JUNOS probe utility [20241219.060016_builder_junos_244_r1]
JUNOS pppoe [20241219.060016_builder_junos_244_r1]
JUNOS Openconfig [24.4R1.9]
JUNOS L2 RSI Scripts [20241219.060016_builder_junos_244_r1]
JUNOS Key Manager [20241219.060016_builder_junos_244_r1]
JUNOS srx Data Plane Crypto Support [20241219.060016_builder_junos_244_r1]
JUNOS Extension Toolkit [20241219.060016_builder_junos_244_r1]
JUNOS Juniper Malware Removal Tool (JMRT) [1.0.0+20241219.060016_builder_junos_244_r1]
JUNOS J-Insight [20241219.060016_builder_junos_244_r1]
JUNOS Online Documentation [20241219.060016_builder_junos_244_r1]
JUNOS FIPS mode utilities [20241219.060016_builder_junos_244_r1]
JUNOS srx platform support [20241219.060016_builder_junos_244_r1]
JUNOS Juniper Malware Removal Tool (JMRT) Test [1.0.0+20241219.060016_builder_junos_244_r1]
JUNOS SRX CASB Daemon [20241219.060016_builder_junos_244_r1]
JUNOS SRX TVP AppQos Daemon [20241219.060016_builder_junos_244_r1]
JUNOS vsrx runtime [20241219.060016_builder_junos_244_r1]

john@r1.jcs> 
